FAIL	github.com/tianrking/ClawRemove/cmd/claw-remove [setup failed]
FAIL	github.com/tianrking/ClawRemove/internal/app [setup failed]
go : # github.com/tianr
king/ClawRemove/cmd/cla
w-remove
At line:1 char:1
+ go test ./... 2>&1 > 
c:\Users\tianr\Download
s\ClawRemove\test_outpu
t. ...
+ ~~~~~~~~~~~~~~~~~~~~~
~~~~~~~~~~~~~~~~~~~~~~~
~~~~~~~~~~~~~~~~~~~~~~~
~~
    + CategoryInfo     
         : NotSpecifi  
  ed: (# github.com/   
 ti...cmd/claw-remo    
ve:String) [], Rem    o
teException
    + FullyQualifiedEr 
   rorId : NativeComm  
  andError
 
internal\tui\tui.go:9:2
: missing go.sum entry 
for module providing pa
ckage github.com/charmb
racelet/bubbletea (impo
rted by github.com/tian
rking/ClawRemove/intern
al/tui); to add:
	go get github.com/tian
rking/ClawRemove/intern
al/tui
# github.com/tianrking/
ClawRemove/cmd/claw-rem
ove
internal\tui\components
.go:3:8: missing go.sum
 entry for module provi
ding package github.com
/charmbracelet/lipgloss
 (imported by github.co
m/tianrking/ClawRemove/
internal/tui); to add:
	go get github.com/tian
rking/ClawRemove/intern
al/tui
# github.com/tianrking/
ClawRemove/internal/app
internal\tui\tui.go:9:2
: missing go.sum entry 
for module providing pa
ckage github.com/charmb
racelet/bubbletea (impo
rted by github.com/tian
rking/ClawRemove/intern
al/tui); to add:
	go get github.com/tian
rking/ClawRemove/intern
al/tui
# github.com/tianrking/
ClawRemove/internal/app
internal\tui\components
.go:3:8: missing go.sum
 entry for module provi
ding package github.com
/charmbracelet/lipgloss
 (imported by github.co
m/tianrking/ClawRemove/
internal/tui); to add:
	go get github.com/tian
rking/ClawRemove/intern
al/tui
# github.com/tianrking/
ClawRemove/internal/tui
internal\tui\tui.go:9:2
: missing go.sum entry 
for module providing pa
ckage github.com/charmb
racelet/bubbletea (impo
rted by github.com/tian
rking/ClawRemove/intern
al/tui); to add:
	go get github.com/tian
rking/ClawRemove/intern
al/tui
# github.com/tianrking/
ClawRemove/internal/tui
FAIL	github.com/tianrking/ClawRemove/internal/tui [setup failed]
internal\tui\components
.go:3:8: missing go.sum
 entry for module provi
ding package github.com
/charmbracelet/lipgloss
 (imported by github.co
m/tianrking/ClawRemove/
internal/tui); to add:
	go get github.com/tian
rking/ClawRemove/intern
al/tui
# github.com/tianrking/
ClawRemove/internal/too
ls
internal\tools\catalog.
go:4:2: "context" impor
ted and not used
# github.com/tianrking/
ClawRemove/internal/exe
cutor
internal\executor\execu
tor.go:9:2: "slices" im
ported and not used
# github.com/tianrking/
ClawRemove/internal/out
put
internal\output\output.
go:512:46: undefined: b
ackup
ok  	github.com/tianrking/ClawRemove/internal/backup	(cached)
ok  	github.com/tianrking/ClawRemove/internal/cleanup	(cached)
FAIL	github.com/tianrking/ClawRemove/internal/core [build failed]
ok  	github.com/tianrking/ClawRemove/internal/discovery	(cached)
?   	github.com/tianrking/ClawRemove/internal/evidence	[no test files]
FAIL	github.com/tianrking/ClawRemove/internal/executor [build failed]
?   	github.com/tianrking/ClawRemove/internal/inventory	[no test files]
FAIL	github.com/tianrking/ClawRemove/internal/llm [build failed]
FAIL	github.com/tianrking/ClawRemove/internal/llm/mediation [build failed]
?   	github.com/tianrking/ClawRemove/internal/llm/prompts	[no test files]
?   	github.com/tianrking/ClawRemove/internal/llm/providers	[no test files]
?   	github.com/tianrking/ClawRemove/internal/model	[no test files]
FAIL	github.com/tianrking/ClawRemove/internal/output [build failed]
ok  	github.com/tianrking/ClawRemove/internal/plan	(cached)
ok  	github.com/tianrking/ClawRemove/internal/platform	(cached)
FAIL	github.com/tianrking/ClawRemove/internal/products [build failed]
FAIL	github.com/tianrking/ClawRemove/internal/products/aider [build failed]
FAIL	github.com/tianrking/ClawRemove/internal/products/cline [build failed]
FAIL	github.com/tianrking/ClawRemove/internal/products/continuedev [build failed]
FAIL	github.com/tianrking/ClawRemove/internal/products/cursor [build failed]
FAIL	github.com/tianrking/ClawRemove/internal/products/nanobot [build failed]
FAIL	github.com/tianrking/ClawRemove/internal/products/nanoclaw [build failed]
FAIL	github.com/tianrking/ClawRemove/internal/products/openclaw [build failed]
FAIL	github.com/tianrking/ClawRemove/internal/products/openfang [build failed]
FAIL	github.com/tianrking/ClawRemove/internal/products/picoclaw [build failed]
FAIL	github.com/tianrking/ClawRemove/internal/products/windsurf [build failed]
FAIL	github.com/tianrking/ClawRemove/internal/products/zeroclaw [build failed]
?   	github.com/tianrking/ClawRemove/internal/security	[no test files]
?   	github.com/tianrking/ClawRemove/internal/skills	[no test files]
?   	github.com/tianrking/ClawRemove/internal/system	[no test files]
FAIL	github.com/tianrking/ClawRemove/internal/tools [build failed]
ok  	github.com/tianrking/ClawRemove/internal/verify	(cached)
FAIL
